#
# There is insufficient memory for the Java Runtime Environment to continue.
# Native memory allocation (malloc) failed to allocate 1048576 bytes. Error detail: AllocateHeap
# Possible reasons:
#   The system is out of physical RAM or swap space
#   This process is running with CompressedOops enabled, and the Java Heap may be blocking the growth of the native heap
# Possible solutions:
#   Reduce memory load on the system
#   Increase physical memory or swap space
#   Check if swap backing store is full
#   Decrease Java heap size (-Xmx/-Xms)
#   Decrease number of Java threads
#   Decrease Java thread stack sizes (-Xss)
#   Set larger code cache with -XX:ReservedCodeCacheSize=
#   JVM is running with Unscaled Compressed Oops mode in which the Java heap is
#     placed in the first 4GB address space. The Java Heap base address is the
#     maximum limit for the native heap growth. Please use -XX:HeapBaseMinAddress
#     to set the Java Heap base and to place the Java Heap above 4GB virtual address.
# This output file may be truncated or incomplete.
#
#  Out of Memory Error (allocation.cpp:44), pid=39424, tid=39592
#
# JRE version:  (21.0.4+13) (build )
# Java VM: OpenJDK 64-Bit Server VM (21.0.4+13-b509.17, mixed mode, sharing, tiered, compressed oops, compressed class ptrs, g1 gc, windows-amd64)
# No core dump will be written. Minidumps are not enabled by default on client versions of Windows
#

---------------  S U M M A R Y ------------

Command Line: git4idea.http.GitAskPassApp Password for 'https://Pramil-02@github.com': 

Host: 12th Gen Intel(R) Core(TM) i5-12500H, 16 cores, 15G,  Windows 11 , 64 bit Build 22621 (10.0.22621.4391)
Time: Fri Oct 25 14:22:18 2024 Nepal Standard Time elapsed time: 0.398592 seconds (0d 0h 0m 0s)

---------------  T H R E A D  ---------------

Current thread (0x000002c0b4ba2db0):  JavaThread "Unknown thread" [_thread_in_vm, id=39592, stack(0x000000d4f6d00000,0x000000d4f6e00000) (1024K)]

Stack: [0x000000d4f6d00000,0x000000d4f6e00000]
Native frames: (J=compiled Java code, j=interpreted, Vv=VM code, C=native code)
V  [jvm.dll+0x6e36d9]
V  [jvm.dll+0x8c0bd3]
V  [jvm.dll+0x8c312e]
V  [jvm.dll+0x8c3813]
V  [jvm.dll+0x288256]
V  [jvm.dll+0xc08b7]
V  [jvm.dll+0x332675]
V  [jvm.dll+0x887ffd]
V  [jvm.dll+0x3c8ea8]
V  [jvm.dll+0x8711d8]
V  [jvm.dll+0x45d85e]
V  [jvm.dll+0x45f541]
C  [jli.dll+0x52ab]
C  [ucrtbase.dll+0x29333]
C  [KERNEL32.DLL+0x1259d]
C  [ntdll.dll+0x5af38]


---------------  P R O C E S S  ---------------

Threads class SMR info:
_java_thread_list=0x00007ff9ed302108, length=0, elements={
}

Java Threads: ( => current thread )
Total: 0

Other Threads:

=>0x000002c0b4ba2db0 (exited) JavaThread "Unknown thread"    [_thread_in_vm, id=39592, stack(0x000000d4f6d00000,0x000000d4f6e00000) (1024K)]
Total: 1

Threads with active compile tasks:
Total: 0

VM state: not at safepoint (not fully initialized)

VM Mutex/Monitor currently owned by a thread: None

Heap address: 0x0000000000000000, size: 0 MB, Compressed Oops mode: 32-bit

CDS archive(s) mapped at: [0x0000000000000000-0x0000000000000000-0x0000000000000000), size 0, SharedBaseAddress: 0x0000000800000000, ArchiveRelocationMode: 1.
Narrow klass base: 0x0000000000000000, Narrow klass shift: 0, Narrow klass range: 0x0

GC Precious Log:
 CardTable entry size: 512
 Card Set container configuration: InlinePtr #cards 4 size 8 Array Of Cards #cards 16 size 48 Howl #buckets 8 coarsen threshold 3686 Howl Bitmap #cards 512 size 80 coarsen threshold 460 Card regions per heap region 1 cards per card region 4096

GC Heap History (0 events):
No events

Dll operation events (1 events):
Event: 0.018 Loaded shared library C:\Program Files\JetBrains\WebStorm 2024.2.3\jbr\bin\java.dll

Deoptimization events (0 events):
No events

Classes loaded (0 events):
No events

Classes unloaded (0 events):
No events

Classes redefined (0 events):
No events

Internal exceptions (0 events):
No events

ZGC Phase Switch (0 events):
No events

VM Operations (0 events):
No events

Memory protections (0 events):
No events

Nmethod flushes (0 events):
No events

Events (0 events):
No events


Dynamic libraries:
0x00007ff768870000 - 0x00007ff76887a000 	C:\Program Files\JetBrains\WebStorm 2024.2.3\jbr\bin\java.exe
0x00007ffa6e9b0000 - 0x00007ffa6ebc7000 	C:\Windows\SYSTEM32\ntdll.dll
0x00007ffa6d440000 - 0x00007ffa6d504000 	C:\Windows\System32\KERNEL32.DLL
0x00007ffa6c250000 - 0x00007ffa6c609000 	C:\Windows\System32\KERNELBASE.dll
0x00007ffa6be00000 - 0x00007ffa6bf11000 	C:\Windows\System32\ucrtbase.dll
0x00007ffa3a400000 - 0x00007ffa3a41b000 	C:\Program Files\JetBrains\WebStorm 2024.2.3\jbr\bin\VCRUNTIME140.dll
0x00007ffa115e0000 - 0x00007ffa115f8000 	C:\Program Files\JetBrains\WebStorm 2024.2.3\jbr\bin\jli.dll
0x00007ffa6d010000 - 0x00007ffa6d1be000 	C:\Windows\System32\USER32.dll
0x00007ffa6bcb0000 - 0x00007ffa6bcd6000 	C:\Windows\System32\win32u.dll
0x00007ffa6cee0000 - 0x00007ffa6cf09000 	C:\Windows\System32\GDI32.dll
0x00007ffa6bce0000 - 0x00007ffa6bdfb000 	C:\Windows\System32\gdi32full.dll
0x00007ffa6c130000 - 0x00007ffa6c1ca000 	C:\Windows\System32\msvcp_win.dll
0x00007ffa5e1d0000 - 0x00007ffa5e462000 	C:\Windows\WinSxS\amd64_microsoft.windows.common-controls_6595b64144ccf1df_6.0.22621.4391_none_2715d37f73803e96\COMCTL32.dll
0x00007ffa6d390000 - 0x00007ffa6d437000 	C:\Windows\System32\msvcrt.dll
0x00007ffa6c6d0000 - 0x00007ffa6c701000 	C:\Windows\System32\IMM32.DLL
0x00007ffa640c0000 - 0x00007ffa640cc000 	C:\Program Files\JetBrains\WebStorm 2024.2.3\jbr\bin\vcruntime140_1.dll
0x00007ff9e59b0000 - 0x00007ff9e5a3d000 	C:\Program Files\JetBrains\WebStorm 2024.2.3\jbr\bin\msvcp140.dll
0x00007ff9ec6b0000 - 0x00007ff9ed467000 	C:\Program Files\JetBrains\WebStorm 2024.2.3\jbr\bin\server\jvm.dll
0x00007ffa6e3a0000 - 0x00007ffa6e452000 	C:\Windows\System32\ADVAPI32.dll
0x00007ffa6d5a0000 - 0x00007ffa6d647000 	C:\Windows\System32\sechost.dll
0x00007ffa6bf20000 - 0x00007ffa6bf48000 	C:\Windows\System32\bcrypt.dll
0x00007ffa6d7f0000 - 0x00007ffa6d904000 	C:\Windows\System32\RPCRT4.dll
0x00007ffa6e460000 - 0x00007ffa6e4d1000 	C:\Windows\System32\WS2_32.dll
0x00007ffa66330000 - 0x00007ffa6633a000 	C:\Windows\SYSTEM32\VERSION.dll
0x00007ffa6ab20000 - 0x00007ffa6ab6d000 	C:\Windows\SYSTEM32\POWRPROF.dll
0x00007ffa63db0000 - 0x00007ffa63de4000 	C:\Windows\SYSTEM32\WINMM.dll
0x00007ffa6aaf0000 - 0x00007ffa6ab03000 	C:\Windows\SYSTEM32\UMPDC.dll
0x00007ffa6ade0000 - 0x00007ffa6adf8000 	C:\Windows\SYSTEM32\kernel.appcore.dll
0x00007ffa63fe0000 - 0x00007ffa63fea000 	C:\Program Files\JetBrains\WebStorm 2024.2.3\jbr\bin\jimage.dll
0x00007ffa694c0000 - 0x00007ffa696f2000 	C:\Windows\SYSTEM32\DBGHELP.DLL
0x00007ffa6e4e0000 - 0x00007ffa6e86f000 	C:\Windows\System32\combase.dll
0x00007ffa6cd50000 - 0x00007ffa6ce27000 	C:\Windows\System32\OLEAUT32.dll
0x00007ffa61940000 - 0x00007ffa61972000 	C:\Windows\SYSTEM32\dbgcore.DLL
0x00007ffa6c1d0000 - 0x00007ffa6c24b000 	C:\Windows\System32\bcryptPrimitives.dll
0x00007ffa34790000 - 0x00007ffa347af000 	C:\Program Files\JetBrains\WebStorm 2024.2.3\jbr\bin\java.dll

dbghelp: loaded successfully - version: 4.0.5 - missing functions: none
symbol engine: initialized successfully - sym options: 0x614 - pdb path: .;C:\Program Files\JetBrains\WebStorm 2024.2.3\jbr\bin;C:\Windows\SYSTEM32;C:\Windows\WinSxS\amd64_microsoft.windows.common-controls_6595b64144ccf1df_6.0.22621.4391_none_2715d37f73803e96;C:\Program Files\JetBrains\WebStorm 2024.2.3\jbr\bin\server

VM Arguments:
java_command: git4idea.http.GitAskPassApp Password for 'https://Pramil-02@github.com': 
java_class_path (initial): C:/Program Files/JetBrains/WebStorm 2024.2.3/plugins/vcs-git/lib/git4idea-rt.jar;C:/Program Files/JetBrains/WebStorm 2024.2.3/lib/externalProcess-rt.jar
Launcher Type: SUN_STANDARD

[Global flags]
     intx CICompilerCount                          = 12                                        {product} {ergonomic}
     uint ConcGCThreads                            = 3                                         {product} {ergonomic}
     uint G1ConcRefinementThreads                  = 13                                        {product} {ergonomic}
   size_t G1HeapRegionSize                         = 2097152                                   {product} {ergonomic}
    uintx GCDrainStackTargetSize                   = 64                                        {product} {ergonomic}
   size_t InitialHeapSize                          = 264241152                                 {product} {ergonomic}
   size_t MarkStackSize                            = 4194304                                   {product} {ergonomic}
   size_t MaxHeapSize                              = 4196401152                                {product} {ergonomic}
   size_t MinHeapDeltaBytes                        = 2097152                                   {product} {ergonomic}
   size_t MinHeapSize                              = 8388608                                   {product} {ergonomic}
    uintx NonNMethodCodeHeapSize                   = 7602480                                {pd product} {ergonomic}
    uintx NonProfiledCodeHeapSize                  = 122027880                              {pd product} {ergonomic}
    uintx ProfiledCodeHeapSize                     = 122027880                              {pd product} {ergonomic}
    uintx ReservedCodeCacheSize                    = 251658240                              {pd product} {ergonomic}
     bool SegmentedCodeCache                       = true                                      {product} {ergonomic}
   size_t SoftMaxHeapSize                          = 4196401152                             {manageable} {ergonomic}
     bool UseCompressedOops                        = true                           {product lp64_product} {ergonomic}
     bool UseG1GC                                  = true                                      {product} {ergonomic}
     bool UseLargePagesIndividualAllocation        = false                                  {pd product} {ergonomic}

Logging:
Log output configuration:
 #0: stdout all=warning uptime,level,tags foldmultilines=false
 #1: stderr all=off uptime,level,tags foldmultilines=false

Environment Variables:
PATH=C:\Program Files\Git\mingw64\libexec\git-core;C:\Program Files\Git\mingw64\libexec\git-core;C:\Program Files\Git\mingw64\bin;C:\Program Files\Git\usr\bin;C:\Users\asus\bin;C:\Windows\system32;C:\Windows;C:\Windows\System32\Wbem;C:\Windows\System32\WindowsPowerShell\v1.0;C:\Windows\System32\OpenSSH;C:\Program Files (x86)\NVIDIA Corporation\PhysX\Common;C:\Program Files\NVIDIA Corporation\NVIDIA NvDLISR;C:\Program Files\dotnet;C:\Program Files\nodejs;C:\Program Files\Git\cmd;C:\Users\asus\AppData\Local\Microsoft\WindowsApps;C:\Users\asus\AppData\Roaming\npm;C:\Program Files\JetBrains\WebStorm 2024.2.3\bin;C:\Users\asus\AppData\Local\Programs\Microsoft VS Code\bin
USERNAME=asus
DISPLAY=:0.0
LC_ALL=en_US.UTF-8
TERM=xterm-256color
TMPDIR=C:\Users\asus\AppData\Local\Temp
OS=Windows_NT
PROCESSOR_IDENTIFIER=Intel64 Family 6 Model 154 Stepping 3, GenuineIntel
TMP=C:\Users\asus\AppData\Local\Temp
TEMP=C:\Users\asus\AppData\Local\Temp




Periodic native trim disabled

JNI global refs:
JNI global refs: 0, weak refs: 0

JNI global refs memory usage: 0, weak refs: 0

Process memory usage:
Resident Set Size: 11028K (0% of 16388972K total physical memory with 1128356K free physical memory)

OOME stack traces (most recent first):
Classloader memory used:

---------------  S Y S T E M  ---------------

OS:
 Windows 11 , 64 bit Build 22621 (10.0.22621.4391)
OS uptime: 2 days 1:11 hours
Hyper-V role detected

CPU: total 16 (initial active 16) (8 cores per cpu, 2 threads per core) family 6 model 154 stepping 3 microcode 0x423, cx8, cmov, fxsr, ht, mmx, 3dnowpref, sse, sse2, sse3, ssse3, sse4.1, sse4.2, popcnt, lzcnt, tsc, tscinvbit, avx, avx2, aes, erms, clmul, bmi1, bmi2, adx, sha, fma, vzeroupper, clflush, clflushopt, clwb, hv, serialize, rdtscp, rdpid, fsrm, f16c, cet_ibt, cet_ss
Processor Information for all 16 processors :
  Max Mhz: 2500, Current Mhz: 2500, Mhz Limit: 2500

Memory: 4k page, system-wide physical 16004M (1101M free)
TotalPageFile size 36398M (AvailPageFile size 4M)
current process WorkingSet (physical memory assigned to process): 10M, peak: 10M
current process commit charge ("private bytes"): 23M, peak: 24M

vm_info: OpenJDK 64-Bit Server VM (21.0.4+13-b509.17) for windows-amd64 JRE (21.0.4+13-b509.17), built on 2024-09-04 by "builduser" with MS VC++ 16.10 / 16.11 (VS2019)

END.
